# daily memo

## today's memo archive

## todos

## wanttodos

## memos
