# sushi (<- tip category)

## how to eat sushi (<- tip title in heading level 2)

## how to roll sushi (<- another tip)
