# daily memo

## today's tip

## todos

## wanttodos

## memos
