# sushi (<- memo category)

## how to eat sushi (<- memo title in heading level 2)

## how to roll sushi (<- another memo)
